METRIC_MEMBER 0  Name: "ru_utime" <id>, Descr.: "<string>" <id>, Type: RESOURCE USAGE, Mode: ACCUMULATED (START timing), Value Type: UINT64_T, Base: 10, Exponent: -6, Unit: "s" <id>
METRIC_MEMBER 1  Name: "ru_stime" <id>, Descr.: "<string>" <id>, Type: RESOURCE USAGE, Mode: ACCUMULATED (START timing), Value Type: UINT64_T, Base: 10, Exponent: -6, Unit: "s" <id>
METRIC_CLASS 0  Occurrence: SYNCHRONOUS_STRICT, 2 Members: "ru_utime" <0>, "ru_stime" <1>
