METRIC_MEMBER 0  Name: "PAPI_TOT_INS" <id>, Descr.: "<string>" <id>, Type: PAPI, Mode: ACCUMULATED (START timing), Value Type: UINT64_T, Base: 10, Exponent: 0, Unit: "#" <id>
METRIC_CLASS 0  Occurrence: SYNCHRONOUS_STRICT, 1 Members: "PAPI_TOT_INS" <0>
