METRIC MEMBER 0  Name: <id> (ru_utime), Descr.: <id> (<string>), Type: RESOURCE USAGE, Mode: ACCUMULATED (START timing), Value type: UINT64, Base: 10, Exponent: -6, Unit: <id> (s)
METRIC MEMBER 1  Name: <id> (ru_stime), Descr.: <id> (<string>), Type: RESOURCE USAGE, Mode: ACCUMULATED (START timing), Value type: UINT64, Base: 10, Exponent: -6, Unit: <id> (s)
METRIC CLASS 0  occurrence: SYNCHRONOUS_STRICT, number of metrics: 2, metric members: 0 1
